../Drivers/CMSIS/Include/core_cm7.h:2229:22:SCB_EnableICache	4	static,ignoring_inline_asm
../Drivers/CMSIS/Include/core_cm7.h:2281:22:SCB_EnableDCache	24	static,ignoring_inline_asm
../Core/Src/main.c:95:5:main	8	static
../Core/Src/main.c:169:6:SystemClock_Config	88	static
../Core/Src/main.c:222:13:MX_NVIC_Init	8	static
../Core/Src/main.c:249:13:MX_CRC_Init	8	static
../Core/Src/main.c:287:13:MX_TIM2_Init	64	static
../Core/Src/main.c:352:13:MX_GPIO_Init	48	static
../Core/Src/main.c:421:6:Error_Handler	8	static,ignoring_inline_asm
